
> build
> vite build

[36mvite v5.4.21 [32mbuilding for production...[36m[39m
transforming...
[32mΓ£ô[39m 23 modules transformed.
node.exe : [31mx[39m Build failed in 1.10s
At line:1 char:1
+ & "C:\Program Files\nodejs/node.exe" "C:\Program 
Files\nodejs/node_mo ...
+ ~~~~~~~~~~~~~~~~~~~~~~~~~~~~~~~~~~~~~~~~~~~~~~~~~~~~
~~~~~~~~~~~~~~~~~
    + CategoryInfo          : NotSpecified: ([31mx[ 
   39m Build failed in 1.10s:String) [], RemoteExcep  
  tion
    + FullyQualifiedErrorId : NativeCommandError
 
[31merror during build:
[31m[vite:esbuild] Transform failed with 2 errors:
C:/laragon/www/brewtech-v2/resources/js/Pages/SchoolAd
min/ClassManager.tsx:324:10: ERROR: Unexpected 
closing "AuthenticatedLayout" tag does not match 
opening "div" tag
C:/laragon/www/brewtech-v2/resources/js/Pages/SchoolAd
min/ClassManager.tsx:325:4: ERROR: Expected "}" but 
found ")"[31m
file: [36mC:/laragon/www/brewtech-v2/resources/js/Pag
es/SchoolAdmin/ClassManager.tsx:324:10[31m
[33m
[33mUnexpected closing "AuthenticatedLayout" tag 
does not match opening "div" tag[33m
322|                  </div>
323|              )}
324|          </AuthenticatedLayout>
   |            ^
325|      );
326|  }

[33mExpected "}" but found ")"[33m
323|              )}
324|          </AuthenticatedLayout>
325|      );
   |      ^
326|  }
[31m
    at failureErrorWithLog (C:\laragon\www\brewtech-v2
\node_modules\esbuild\lib\main.js:1472:15)
    at C:\laragon\www\brewtech-v2\node_modules\esbuild
\lib\main.js:755:50
    at responseCallbacks.<computed> (C:\laragon\www\br
ewtech-v2\node_modules\esbuild\lib\main.js:622:9)
    at handleIncomingPacket (C:\laragon\www\brewtech-v
2\node_modules\esbuild\lib\main.js:677:12)
    at Socket.readFromStdout (C:\laragon\www\brewtech-
v2\node_modules\esbuild\lib\main.js:600:7)
    at Socket.emit (node:events:508:28)
    at addChunk 
(node:internal/streams/readable:559:12)
    at readableAddChunkPushByteMode 
(node:internal/streams/readable:510:3)
    at Readable.push 
(node:internal/streams/readable:390:5)
    at Pipe.onStreamRead 
(node:internal/stream_base_commons:189:23)[39m
